755 0 0 .
700 0 0 ./lost+found
755 0 0 ./bin
777 0 0 ./bin/nmeter
777 0 0 ./bin/deallocvt
777 0 0 ./bin/kill
777 0 0 ./bin/od
777 0 0 ./bin/md5sum
777 0 0 ./bin/tee
777 0 0 ./bin/loadkmap
777 0 0 ./bin/uname
777 0 0 ./bin/sum
777 0 0 ./bin/eject
777 0 0 ./bin/lzmacat
777 0 0 ./bin/envdir
755 0 0 ./bin/flushswap
777 0 0 ./bin/timeout
777 0 0 ./bin/fdisk
777 0 0 ./bin/mktemp
777 0 0 ./bin/beep
777 0 0 ./bin/pgrep
777 0 0 ./bin/ed
777 0 0 ./bin/readlink
777 0 0 ./bin/ftpget
777 0 0 ./bin/sed
777 0 0 ./bin/passwd
777 0 0 ./bin/find
777 0 0 ./bin/sleep
777 0 0 ./bin/syslogd
777 0 0 ./bin/df
777 0 0 ./bin/makedevs
777 0 0 ./bin/ipcrm
777 0 0 ./bin/mount
777 0 0 ./bin/nslookup
777 0 0 ./bin/mkfs.minix
777 0 0 ./bin/mesg
777 0 0 ./bin/fbset
777 0 0 ./bin/clear
777 0 0 ./bin/fsck
755 0 0 ./bin/dosfsck
777 0 0 ./bin/rmdir
777 0 0 ./bin/wc
777 0 0 ./bin/hush
777 0 0 ./bin/date
777 0 0 ./bin/time
777 0 0 ./bin/seq
777 0 0 ./bin/fgrep
777 0 0 ./bin/awk
777 0 0 ./bin/netstat
777 0 0 ./bin/losetup
777 0 0 ./bin/uncompress
777 0 0 ./bin/renice
777 0 0 ./bin/stat
777 0 0 ./bin/lsmod
777 0 0 ./bin/switch_root
777 0 0 ./bin/devmem
777 0 0 ./bin/logname
777 0 0 ./bin/chmod
777 0 0 ./bin/login
777 0 0 ./bin/freeramdisk
777 0 0 ./bin/rdate
777 0 0 ./bin/free
777 0 0 ./bin/setkeycodes
777 0 0 ./bin/resize
777 0 0 ./bin/iptunnel
777 0 0 ./bin/delgroup
777 0 0 ./bin/ln
777 0 0 ./bin/hostname
777 0 0 ./bin/bzip2
777 0 0 ./bin/dos2unix
777 0 0 ./bin/sort
777 0 0 ./bin/yes
777 0 0 ./bin/runsv
777 0 0 ./bin/ttysize
777 0 0 ./bin/test
777 0 0 ./bin/xargs
777 0 0 ./bin/du
777 0 0 ./bin/hd
777 0 0 ./bin/insmod
777 0 0 ./bin/nc
777 0 0 ./bin/iproute
777 0 0 ./bin/fakeidentd
777 0 0 ./bin/uuencode
777 0 0 ./bin/basename
777 0 0 ./bin/ifenslave
777 0 0 ./bin/comm
777 0 0 ./bin/run-parts
777 0 0 ./bin/ash
777 0 0 ./bin/dumpleases
777 0 0 ./bin/ifplugd
777 0 0 ./bin/rx
777 0 0 ./bin/ionice
777 0 0 ./bin/ipcalc
777 0 0 ./bin/ls
777 0 0 ./bin/httpd
4755 0 0 ./bin/su
777 0 0 ./bin/ifup
777 0 0 ./bin/sv
777 0 0 ./bin/head
777 0 0 ./bin/udhcpd
777 0 0 ./bin/tty
777 0 0 ./bin/chpasswd
777 0 0 ./bin/route
777 0 0 ./bin/[[
777 0 0 ./bin/expr
777 0 0 ./bin/arping
777 0 0 ./bin/tar
777 0 0 ./bin/tcpsvd
777 0 0 ./bin/install
777 0 0 ./bin/crond
777 0 0 ./bin/findfs
777 0 0 ./bin/fold
777 0 0 ./bin/hdparm
777 0 0 ./bin/tr
777 0 0 ./bin/microcom
777 0 0 ./bin/realpath
777 0 0 ./bin/umount
777 0 0 ./bin/grep
777 0 0 ./bin/traceroute
777 0 0 ./bin/mkfs.vfat
777 0 0 ./bin/svlogd
777 0 0 ./bin/setconsole
777 0 0 ./bin/loadfont
777 0 0 ./bin/mkdosfs
777 0 0 ./bin/sh
777 0 0 ./bin/uniq
777 0 0 ./bin/nohup
777 0 0 ./bin/cp
777 0 0 ./bin/wget
777 0 0 ./bin/showkey
777 0 0 ./bin/uudecode
777 0 0 ./bin/addgroup
777 0 0 ./bin/vi
777 0 0 ./bin/top
777 0 0 ./bin/gzip
777 0 0 ./bin/ifconfig
777 0 0 ./bin/mkpasswd
777 0 0 ./bin/dc
777 0 0 ./bin/echo
777 0 0 ./bin/runlevel
777 0 0 ./bin/env
777 0 0 ./bin/kbd_mode
777 0 0 ./bin/getopt
777 0 0 ./bin/pkill
777 0 0 ./bin/unzip
777 0 0 ./bin/fsync
777 0 0 ./bin/rmmod
777 0 0 ./bin/mdev
777 0 0 ./bin/fdformat
777 0 0 ./bin/sysctl
777 0 0 ./bin/mknod
777 0 0 ./bin/telnet
777 0 0 ./bin/stty
777 0 0 ./bin/inetd
777 0 0 ./bin/chrt
777 0 0 ./bin/uptime
777 0 0 ./bin/sha1sum
777 0 0 ./bin/init
777 0 0 ./bin/flash_lock
777 0 0 ./bin/ipaddr
777 0 0 ./bin/cut
777 0 0 ./bin/id
777 0 0 ./bin/chroot
777 0 0 ./bin/ether-wake
777 0 0 ./bin/pidof
777 0 0 ./bin/getty
777 0 0 ./bin/cal
777 0 0 ./bin/mkdir
777 0 0 ./bin/dirname
777 0 0 ./bin/runsvdir
777 0 0 ./bin/swapon
777 0 0 ./bin/logger
777 0 0 ./bin/watch
755 0 0 ./bin/busybox
777 0 0 ./bin/[
777 0 0 ./bin/reset
777 0 0 ./bin/tail
777 0 0 ./bin/unlzma
777 0 0 ./bin/dnsd
777 0 0 ./bin/start-stop-daemon
777 0 0 ./bin/pwd
777 0 0 ./bin/inotifyd
777 0 0 ./bin/ip
777 0 0 ./bin/bzcat
755 0 0 ./bin/mke2fs
777 0 0 ./bin/killall5
777 0 0 ./bin/usleep
777 0 0 ./bin/rdev
777 0 0 ./bin/zcat
777 0 0 ./bin/setuidgid
777 0 0 ./bin/chvt
777 0 0 ./bin/rm
755 0 0 ./bin/e2fsck
777 0 0 ./bin/expand
755 0 0 ./bin/sqlite3
777 0 0 ./bin/more
777 0 0 ./bin/ftpput
777 0 0 ./bin/flash_unlock
777 0 0 ./bin/last
777 0 0 ./bin/udhcpc
777 0 0 ./bin/printf
777 0 0 ./bin/lsattr
777 0 0 ./bin/mountpoint
777 0 0 ./bin/pipe_progress
777 0 0 ./bin/sync
777 0 0 ./bin/ipcs
777 0 0 ./bin/cmp
777 0 0 ./bin/dhcprelay
777 0 0 ./bin/reboot
777 0 0 ./bin/softlimit
777 0 0 ./bin/length
777 0 0 ./bin/iplink
777 0 0 ./bin/who
777 0 0 ./bin/fsck.minix
777 0 0 ./bin/chgrp
777 0 0 ./bin/true
777 0 0 ./bin/chattr
777 0 0 ./bin/mv
777 0 0 ./bin/cpio
777 0 0 ./bin/readahead
777 0 0 ./bin/dmesg
777 0 0 ./bin/tftpd
777 0 0 ./bin/pscan
777 0 0 ./bin/killall
777 0 0 ./bin/slattach
777 0 0 ./bin/crontab
777 0 0 ./bin/dumpkmap
777 0 0 ./bin/printenv
777 0 0 ./bin/diff
777 0 0 ./bin/dnsdomainname
777 0 0 ./bin/setlogcons
777 0 0 ./bin/readprofile
777 0 0 ./bin/telnetd
777 0 0 ./bin/unix2dos
755 0 0 ./bin/userinit.sh
777 0 0 ./bin/egrep
777 0 0 ./bin/poweroff
777 0 0 ./bin/patch
777 0 0 ./bin/split
777 0 0 ./bin/ar
777 0 0 ./bin/ping
777 0 0 ./bin/ifdown
777 0 0 ./bin/deluser
777 0 0 ./bin/watchdog
777 0 0 ./bin/iprule
777 0 0 ./bin/fuser
777 0 0 ./bin/less
777 0 0 ./bin/envuidgid
777 0 0 ./bin/nice
777 0 0 ./bin/arp
777 0 0 ./bin/setsid
777 0 0 ./bin/logread
4755 0 0 ./bin/pppd
777 0 0 ./bin/pivot_root
777 0 0 ./bin/udpsvd
777 0 0 ./bin/bbconfig
777 0 0 ./bin/mkfifo
777 0 0 ./bin/ps
777 0 0 ./bin/ftpd
777 0 0 ./bin/zcip
777 0 0 ./bin/lzopcat
777 0 0 ./bin/tac
777 0 0 ./bin/vlock
777 0 0 ./bin/rtcwake
777 0 0 ./bin/bunzip2
777 0 0 ./bin/gunzip
777 0 0 ./bin/brctl
777 0 0 ./bin/depmod
777 0 0 ./bin/dd
777 0 0 ./bin/unlzop
777 0 0 ./bin/fdflush
777 0 0 ./bin/tftp
777 0 0 ./bin/adjtimex
777 0 0 ./bin/catv
777 0 0 ./bin/nameif
777 0 0 ./bin/lzop
777 0 0 ./bin/openvt
777 0 0 ./bin/cat
777 0 0 ./bin/hexdump
777 0 0 ./bin/chown
777 0 0 ./bin/hwclock
777 0 0 ./bin/modprobe
777 0 0 ./bin/swapoff
777 0 0 ./bin/vconfig
777 0 0 ./bin/klogd
777 0 0 ./bin/fbsplash
777 0 0 ./bin/sulogin
777 0 0 ./bin/adduser
777 0 0 ./bin/cksum
777 0 0 ./bin/false
777 0 0 ./bin/halt
777 0 0 ./bin/strings
777 0 0 ./bin/mkswap
777 0 0 ./bin/cryptpw
777 0 0 ./bin/which
777 0 0 ./bin/touch
777 0 0 ./bin/whoami
777 0 0 ./bin/chpst
777 0 0 ./bin/hostid
755 0 0 ./bin/tssc-calibrate
777 0 0 ./default.prop
4755 0 0 ./init
755 0 0 ./init.android
755 0 0 ./init.cfg
644 0 0 ./init.cfg/init.tattoo.rc
644 0 0 ./init.cfg/init.ion.kaiser.rc
644 0 0 ./init.cfg/init.rogers.kaiser.rc
644 0 0 ./init.cfg/init.cyanogen.kaiser.rc
644 0 0 ./init.cfg/init.xrom.rc
644 0 0 ./init.cfg/init.donut.rc
644 0 0 ./init.cfg/init.cyanogen.rc
644 0 0 ./init.cfg/init.hero.rc
644 0 0 ./init.cfg/init.ion.rc
644 0 0 ./init.cfg/init.tattoo.kaiser.rc
644 0 0 ./init.cfg/init.donut.kaiser.rc
644 0 0 ./init.cfg/init.rogers.rc
644 0 0 ./init.cfg/init.ion.diamond.rc
644 0 0 ./init.cfg/init.hero.kaiser.rc
644 0 0 ./init.cfg/init.xrom.kaiser.rc
644 0 0 ./init.cfg/init.eclairhero.rc
644 0 0 ./init.cfg/init.eclair.rc
644 0 0 ./init.cfg/init.eclairhero.rc~
777 0 0 ./init.cfg/init.eclair.kaiser.rc
777 0 0 ./init.cfg/init.eclair.kaiser.rc~
644 0 0 ./init.cfg/init.eclair.rc~
755 0 0 ./init.etc
755 0 0 ./init.etc/keymaps
777 0 0 ./init.etc/keymaps/azerty.kl
666 0 0 ./init.etc/keymaps/fuze_microp-keypad.kcm.bin
666 0 0 ./init.etc/keymaps/fuze_microp-keypad.kl
777 0 0 ./init.etc/keymaps/azerty.kcm.bin
666 0 0 ./init.etc/keymaps/fuze_raph_navi_pad.kl
666 0 0 ./init.etc/keymaps/microp-keypad.kl
666 0 0 ./init.etc/keymaps/oldqwerty_microp-keypad.kcm.bin
666 0 0 ./init.etc/keymaps/oldqwerty_microp-keypad.kl
666 0 0 ./init.etc/keymaps/oldqwerty_raph_navi_pad.kl
666 0 0 ./init.etc/keymaps/raphfix_microp-keypad.kcm.bin
666 0 0 ./init.etc/keymaps/raph_navi_pad.kl
666 0 0 ./init.etc/keymaps/tilt2_microp-keypad.kl
666 0 0 ./init.etc/keymaps/tilt2_navi_pad.lk
777 0 0 ./init.etc/keymaps/tilt2_microp-keypad.kcm.bin
666 0 0 ./init.etc/keymaps/rhod210_microp-keypad.kcm.bin
666 0 0 ./init.etc/keymaps/rhod210_microp-keypad.kl
666 1000 1000 ./init.etc/keymaps/rhod210_microp-keypad.kcm
644 0 0 ./init.etc/apns-conf.xml
755 0 0 ./init.etc/firmware
644 0 0 ./init.etc/firmware/brf6300.bin
644 0 0 ./init.etc/shadow
644 0 0 ./init.etc/group
755 0 0 ./init.etc/ppp
755 0 0 ./init.etc/ppp/ip-down
644 0 0 ./init.etc/ppp/chap-secrets
644 0 0 ./init.etc/ppp/options.smd1
755 0 0 ./init.etc/ppp/ip-up
644 0 0 ./init.etc/ppp/pap-secrets
644 0 0 ./init.etc/ppp/options.smd
644 0 0 ./init.etc/passwd
644 0 0 ./init.etc/profile
755 0 0 ./init.etc/wifi
755 0 0 ./init.etc/wifi/wlan_loader
644 0 0 ./init.etc/wifi/tiwlan.ini
644 0 0 ./init.etc/wifi/Fw1251r1c.bin
644 0 0 ./init.etc/wifi/wpa_supplicant.conf
644 0 0 ./init.etc/wifi/wlan.ko
755 0 0 ./init.etc/wifi/loadit
755 0 0 ./init.etc/wifi/loadit~
644 0 0 ./init.etc/hosts
644 0 0 ./init.etc/default.prop
777 0 0 ./init.rc
4644 0 0 ./init~
755 0 0 ./installer
755 0 0 ./lib
755 0 0 ./lib/libhtcgeneric-ril.so
755 0 0 ./lib/libcameraservice.so
755 0 0 ./lib/libaudioflinger.so
755 0 0 ./lib/libaudio.so
755 0 0 ./lib/donut
755 0 0 ./lib/donut/libhtcgeneric-ril.so
755 0 0 ./lib/donut/libcameraservice.so
755 0 0 ./lib/donut/libaudioflinger.so
755 0 0 ./lib/donut/libaudio.so
755 0 0 ./lib/donut/libgps.so
755 0 0 ./lib/modules
755 0 0 ./lib/modules/xvmalloc.ko
755 0 0 ./lib/modules/lzo_compress.ko
755 0 0 ./lib/modules/lzo_decompress.ko
755 0 0 ./lib/modules/ramzswap.ko
666 0 0 ./lib/modules/tiwlan.ini
644 0 0 ./lib/modules/wlan.ko
755 0 0 ./lib/libgps.so
755 0 0 ./lib/libhtcgeneric-ril-diamond.so
755 0 0 ./lib/libpagemap.so
755 0 0 ./lib/hw
755 0 0 ./lib/hw/lights.msm7k.so
755 0 0 ./lib/hw/sensors.msm7k.so
755 0 0 ./lib/hw/copybit.msm7k.so
755 0 0 ./lib/eclair
755 0 0 ./lib/eclair/libhtcgeneric-ril.so
755 0 0 ./sbin
755 0 0 ./sbin/adbd
755 0 0 ./-m
755 0 0 ./0771
777 0 0 ./cache
771 1000 1000 ./data
755 0 0 ./dev
755 0 0 ./etc
755 0 0 ./proc
777 0 0 ./sdcard
771 1000 1000 ./shared_prefs
1777 0 0 ./sqlite_stmt_journals
755 0 0 ./sys
755 0 0 ./system
755 0 0 ./tmp
755 0 0 ./dbgfs
600 0 0 ./.bash_history
